// Jest Snapshot v1, https://goo.gl/fbAQLP

exports[`InputLength should render successfully 1`] = `
<DocumentFragment>
  <div
    class="flex flex-col w-[200px]"
  >
    <span>
      Tamanho: 
      <span>
        15
      </span>
       Caracteres
    </span>
    <input
      max="25"
      min="5"
      type="range"
      value="15"
    />
    <button>
      Gerar Senha
    </button>
  </div>
</DocumentFragment>
`;
