// Jest Snapshot v1, https://goo.gl/fbAQLP

exports[`Button should render the button 1`] = `
<div>
  <button
    class="text-white font-medium border-2 border-blue-500 rounded-lg min-w-[150px] py-2 px-4 transition-colors duration-300 hover:bg-blue-500"
  >
    Next test
  </button>
</div>
`;
