// Jest Snapshot v1, https://goo.gl/fbAQLP

exports[`Header should render the header 1`] = `
<DocumentFragment>
  <header
    class="flex justify-between items-center h-[100px] px-[7%]"
  >
    <div
      class="flex justify-center flex-col"
    >
      <span
        class="font-black text-[23px] text-blue-500"
      >
        MAYCON JZJ
      </span>
      <span
        class="text-blue-900"
      >
        Desenvolvedor Front-End
      </span>
    </div>
    <nav
      class=""
    >
      <ul
        class="flex gap-x-7"
      >
        <li>
          <a
            class="text-[#222] hover:text-blue-500 transition delay-150 cursor-pointer font-medium"
          >
            Home
          </a>
        </li>
        <li>
          <a
            class="text-[#222] hover:text-blue-500 transition delay-150 cursor-pointer font-medium"
          >
            Sobre mim
          </a>
        </li>
        <li>
          <a
            class="text-[#222] hover:text-blue-500 transition delay-150 cursor-pointer font-medium"
          >
            Projetos
          </a>
        </li>
        <li>
          <a
            class="text-[#222] hover:text-blue-500 transition delay-150 cursor-pointer font-medium"
          >
            Contato
          </a>
        </li>
      </ul>
    </nav>
  </header>
</DocumentFragment>
`;
