// Jest Snapshot v1, https://goo.gl/fbAQLP

exports[`List should render the list 1`] = `
<DocumentFragment>
  <ul
    class="flex gap-x-7"
  >
    TESTE
  </ul>
</DocumentFragment>
`;
