// Jest Snapshot v1, https://goo.gl/fbAQLP

exports[`Password should render successfully 1`] = `
<body>
  <div>
    <div
      class="flex flex-col w-[200px]"
    >
      <span>
        Sua senha gerada eÃÅ:
      </span>
      <span>
        12345678
      </span>
      <span>
        Clique na senha para copiar.
      </span>
    </div>
  </div>
</body>
`;
