// Jest Snapshot v1, https://goo.gl/fbAQLP

exports[`Icon should render the icon 1`] = `
<div>
  <div
    class="text-2xl"
  >
    Next test
  </div>
</div>
`;
