// Jest Snapshot v1, https://goo.gl/fbAQLP

exports[`Link should render the link 1`] = `
<div>
  <a
    class="hover:border-b-2 hover:border-white cursor-pointer py-[2px] font-medium text-white transition-colors delay-150"
    isactive="false"
  >
    Next test
  </a>
</div>
`;
