// Jest Snapshot v1, https://goo.gl/fbAQLP

exports[`ToggleButton should render the mainnav 1`] = `
<div>
  <div
    class="md:hidden flex text-3xl"
  >
    <svg
      aria-hidden="true"
      fill="currentColor"
      height="1em"
      stroke="currentColor"
      stroke-width="0"
      viewBox="0 0 24 24"
      width="1em"
      xmlns="http://www.w3.org/2000/svg"
    >
      <path
        clip-rule="evenodd"
        d="M3 9a.75.75 0 01.75-.75h16.5a.75.75 0 010 1.5H3.75A.75.75 0 013 9zm0 6.75a.75.75 0 01.75-.75h16.5a.75.75 0 010 1.5H3.75a.75.75 0 01-.75-.75z"
        fill-rule="evenodd"
      />
    </svg>
  </div>
</div>
`;
